<html>
<body>
<pre>
<h1>µVision Build Log</h1>
<h2>Tool Versions:</h2>
IDE-Version: ¦ÌVision V5.40.0.0
Copyright (C) 2024 ARM Ltd and ARM Germany GmbH. All rights reserved.
License Information: l l, l, LIC=EXJT4-FZ2LJ-GKZBG-VGU1J-RJ7CB-1L6EJ
 
Tool Versions:
Toolchain:       MDK-ARM Plus  Version: 5.40.0.3
Toolchain Path:  D:\DevSw\Keil\Keil5_MDK\ARM\ARMCLANG\Bin
C Compiler:      ArmClang.exe V6.22
Assembler:       Armasm.exe V6.22
Linker/Locator:  ArmLink.exe V6.22
Library Manager: ArmAr.exe V6.22
Hex Converter:   FromElf.exe V6.22
CPU DLL:         SARMCM3.DLL V5.40.0.3
Dialog DLL:      DCM.DLL V1.17.5.0
Target DLL:      Segger\JL2CM3.dll V2.99.44.0
Dialog DLL:      TCM.DLL V1.56.4.0
 
<h2>Project:</h2>
E:\Project\03_ATK-DMF407\02_SW\ATK-DMF407\MDK-ARM\ATK-DMF407.uvprojx
Project File Date:  09/15/2025

<h2>Output:</h2>
*** Using Compiler 'V6.22', folder: 'D:\DevSw\Keil\Keil5_MDK\ARM\ARMCLANG\Bin'
Rebuild target 'ATK-DMF407'
compiling stm32f4xx_hal_msp.c...
compiling gpio.c...
compiling stm32f4xx_hal_timebase_tim.c...
assembling startup_stm32f407xx.s...
compiling main.c...
compiling freertos.c...
compiling stm32f4xx_hal_rcc_ex.c...
compiling stm32f4xx_it.c...
compiling stm32f4xx_hal_rcc.c...
compiling stm32f4xx_hal_flash_ramfunc.c...
compiling stm32f4xx_hal_tim_ex.c...
compiling stm32f4xx_hal_flash.c...
compiling stm32f4xx_hal_flash_ex.c...
compiling stm32f4xx_hal_gpio.c...
compiling stm32f4xx_hal_pwr.c...
compiling stm32f4xx_hal_pwr_ex.c...
compiling stm32f4xx_hal_dma_ex.c...
compiling stm32f4xx_hal_dma.c...
compiling stm32f4xx_hal_cortex.c...
compiling croutine.c...
compiling stm32f4xx_hal_exti.c...
compiling stm32f4xx_hal.c...
compiling list.c...
compiling system_stm32f4xx.c...
compiling event_groups.c...
compiling stream_buffer.c...
compiling port.c...
compiling timers.c...
compiling stm32f4xx_hal_tim.c...
compiling heap_4.c...
compiling queue.c...
compiling tasks.c...
compiling cmsis_os2.c...
linking...
Program Size: Code=13074 RO-data=594 RW-data=16 ZI-data=20488  
FromELF: creating hex file...
"ATK-DMF407\ATK-DMF407.axf" - 0 Error(s), 0 Warning(s).

<h2>Software Packages used:</h2>

Package Vendor: ARM
                https://www.keil.com/pack/ARM.CMSIS.6.1.0.pack
                ARM::CMSIS@6.1.0
                CMSIS (Common Microcontroller Software Interface Standard)
   * Component: CORE Version: 6.1.0

Package Vendor: Keil
                https://www.keil.com/pack/Keil.STM32F4xx_DFP.2.17.1.pack
                Keil::STM32F4xx_DFP@2.17.1
                STMicroelectronics STM32F4 Series Device Support, Drivers and Examples

<h2>Collection of Component include folders:</h2>
  ./RTE/_ATK-DMF407
  D:/DevSw/Keil/Pack/ARM/CMSIS/6.1.0/CMSIS/Core/Include
  D:/DevSw/Keil/Pack/Keil/STM32F4xx_DFP/2.17.1/Drivers/CMSIS/Device/ST/STM32F4xx/Include

<h2>Collection of Component Files used:</h2>

   * Component: ARM::CMSIS:CORE@6.1.0
      Include file:  CMSIS/Core/Include/tz_context.h
Build Time Elapsed:  00:00:02
</pre>
</body>
</html>
